// Jest Snapshot v1, https://goo.gl/fbAQLP

exports[`Pruebas en el EntryView debe de mostrar la entrada correctamente 1`] = `
<!--v-if-->
<fab-stub icon="fa-paper-plane"></fab-stub>
`;
