// Jest Snapshot v1, https://goo.gl/fbAQLP

exports[`Indecision components Toma de pruebas con indecision 1`] = `
<!--v-if-->
<div class="bg-dark"></div>
<div class="indecision-container"><input type="text" placeholder="Hazme una pregunta">
  <p>Recuerda terminar la pregunta con un simbolo de interrogaci√≥n (?)</p>
  <!--v-if-->
</div>
`;
