// Jest Snapshot v1, https://goo.gl/fbAQLP

exports[`Pruebas en el Home View debe de renderizar el componente correctamente 1`] = `
<div class="home"><img alt="Vue logo" src="">
  <h1>Hola mundo</h1><button class="btn btn-primary">P</button><button class="btn btn-secondary">S</button><button class="btn btn-success">SU</button>
</div>
`;
